#
# There is insufficient memory for the Java Runtime Environment to continue.
# Native memory allocation (malloc) failed to allocate 32744 bytes for ChunkPool::allocate
# Possible reasons:
#   The system is out of physical RAM or swap space
#   The process is running with CompressedOops enabled, and the Java Heap may be blocking the growth of the native heap
# Possible solutions:
#   Reduce memory load on the system
#   Increase physical memory or swap space
#   Check if swap backing store is full
#   Decrease Java heap size (-Xmx/-Xms)
#   Decrease number of Java threads
#   Decrease Java thread stack sizes (-Xss)
#   Set larger code cache with -XX:ReservedCodeCacheSize=
#   JVM is running with Unscaled Compressed Oops mode in which the Java heap is
#     placed in the first 4GB address space. The Java Heap base address is the
#     maximum limit for the native heap growth. Please use -XX:HeapBaseMinAddress
#     to set the Java Heap base and to place the Java Heap above 4GB virtual address.
# This output file may be truncated or incomplete.
#
#  Out of Memory Error (arena.cpp:78), pid=18312, tid=6600
#
# JRE version: Java(TM) SE Runtime Environment (17.0.1+12) (build 17.0.1+12-LTS-39)
# Java VM: Java HotSpot(TM) 64-Bit Server VM (17.0.1+12-LTS-39, mixed mode, sharing, tiered, compressed oops, compressed class ptrs, g1 gc, windows-amd64)
# No core dump will be written. Minidumps are not enabled by default on client versions of Windows
#

---------------  S U M M A R Y ------------

Command Line: --add-opens=java.base/java.lang=ALL-UNNAMED --add-opens=java.base/java.lang.invoke=ALL-UNNAMED --add-opens=java.base/java.util=ALL-UNNAMED --add-opens=java.prefs/java.util.prefs=ALL-UNNAMED --add-exports=jdk.compiler/com.sun.tools.javac.api=ALL-UNNAMED --add-exports=jdk.compiler/com.sun.tools.javac.util=ALL-UNNAMED --add-opens=java.base/java.util=ALL-UNNAMED --add-opens=java.prefs/java.util.prefs=ALL-UNNAMED --add-opens=java.base/java.nio.charset=ALL-UNNAMED --add-opens=java.base/java.net=ALL-UNNAMED --add-opens=java.base/java.util.concurrent=ALL-UNNAMED --add-opens=java.base/java.util.concurrent.atomic=ALL-UNNAMED --add-opens=java.xml/javax.xml.namespace=ALL-UNNAMED --add-opens=java.base/java.time=ALL-UNNAMED -Xmx2048m -Dfile.encoding=UTF-8 -Duser.country=US -Duser.language=en -Duser.variant -javaagent:C:\Users\Acer\.gradle\wrapper\dists\gradle-9.3.1-bin\23ovyewtku6u96viwx3xl3oks\gradle-9.3.1\lib\agents\gradle-instrumentation-agent-9.3.1.jar org.gradle.launcher.daemon.bootstrap.GradleDaemon 9.3.1

Host: 11th Gen Intel(R) Core(TM) i5-11300H @ 3.10GHz, 8 cores, 15G,  Windows 10 , 64 bit Build 19041 (10.0.19041.5915)
Time: Mon Mar  2 00:38:38 2026 W. Europe Standard Time elapsed time: 1.802780 seconds (0d 0h 0m 1s)

---------------  T H R E A D  ---------------

Current thread (0x000001dcdcff9e90):  JavaThread "C2 CompilerThread0" daemon [_thread_in_native, id=6600, stack(0x000000604c300000,0x000000604c400000)]


Current CompileTask:
C2:   1802 2345   !   4       java.lang.ClassLoader::loadClass (121 bytes)

Stack: [0x000000604c300000,0x000000604c400000]
Native frames: (J=compiled Java code, j=interpreted, Vv=VM code, C=native code)
V  [jvm.dll+0x66fa1a]
V  [jvm.dll+0x7ce5a4]
V  [jvm.dll+0x7cfd4e]
V  [jvm.dll+0x7d03b3]
V  [jvm.dll+0x242b05]
V  [jvm.dll+0xaa2a0]
V  [jvm.dll+0xaa5ec]
V  [jvm.dll+0x11b5b8]
V  [jvm.dll+0x698e6b]
V  [jvm.dll+0x1b99e4]
V  [jvm.dll+0x215d49]
V  [jvm.dll+0x215011]
V  [jvm.dll+0x1a168d]
V  [jvm.dll+0x224848]
V  [jvm.dll+0x2229ac]
V  [jvm.dll+0x78435b]
V  [jvm.dll+0x77e91a]
V  [jvm.dll+0x66e845]
C  [ucrtbase.dll+0x21bb2]
C  [KERNEL32.DLL+0x17374]
C  [ntdll.dll+0x4cc91]


---------------  P R O C E S S  ---------------

Threads class SMR info:
_java_thread_list=0x000001dce045f3e0, length=26, elements={
0x000001dcbee3a810, 0x000001dcdcfb5cf0, 0x000001dcdcfb65b0, 0x000001dcdcfca810,
0x000001dcdcfcb0d0, 0x000001dcdcfce9b0, 0x000001dcdcfd1280, 0x000001dcdcff9e90,
0x000001dcdcffa840, 0x000001dcdcffb140, 0x000001dcdcfa3980, 0x000001dcdddba5d0,
0x000001dcddee69e0, 0x000001dcdf48b690, 0x000001dcdec499a0, 0x000001dcded09dc0,
0x000001dcde4d0a70, 0x000001dcdfce8460, 0x000001dce0023600, 0x000001dcdf2309e0,
0x000001dcdf233060, 0x000001dcdf22fb70, 0x000001dcdf2321f0, 0x000001dcdf2326c0,
0x000001dcdf230040, 0x000001dcdf230eb0
}

Java Threads: ( => current thread )
  0x000001dcbee3a810 JavaThread "main" [_thread_blocked, id=6708, stack(0x000000604b600000,0x000000604b700000)]
  0x000001dcdcfb5cf0 JavaThread "Reference Handler" daemon [_thread_blocked, id=6224, stack(0x000000604bd00000,0x000000604be00000)]
  0x000001dcdcfb65b0 JavaThread "Finalizer" daemon [_thread_blocked, id=7868, stack(0x000000604be00000,0x000000604bf00000)]
  0x000001dcdcfca810 JavaThread "Signal Dispatcher" daemon [_thread_blocked, id=16512, stack(0x000000604bf00000,0x000000604c000000)]
  0x000001dcdcfcb0d0 JavaThread "Attach Listener" daemon [_thread_blocked, id=21000, stack(0x000000604c000000,0x000000604c100000)]
  0x000001dcdcfce9b0 JavaThread "Service Thread" daemon [_thread_blocked, id=11252, stack(0x000000604c100000,0x000000604c200000)]
  0x000001dcdcfd1280 JavaThread "Monitor Deflation Thread" daemon [_thread_blocked, id=20696, stack(0x000000604c200000,0x000000604c300000)]
=>0x000001dcdcff9e90 JavaThread "C2 CompilerThread0" daemon [_thread_in_native, id=6600, stack(0x000000604c300000,0x000000604c400000)]
  0x000001dcdcffa840 JavaThread "C1 CompilerThread0" daemon [_thread_in_native, id=7516, stack(0x000000604c400000,0x000000604c500000)]
  0x000001dcdcffb140 JavaThread "Sweeper thread" daemon [_thread_blocked, id=21356, stack(0x000000604c500000,0x000000604c600000)]
  0x000001dcdcfa3980 JavaThread "Common-Cleaner" daemon [_thread_blocked, id=12304, stack(0x000000604c600000,0x000000604c700000)]
  0x000001dcdddba5d0 JavaThread "Notification Thread" daemon [_thread_blocked, id=21152, stack(0x000000604c700000,0x000000604c800000)]
  0x000001dcddee69e0 JavaThread "C2 CompilerThread1" daemon [_thread_in_native, id=6608, stack(0x000000604c900000,0x000000604ca00000)]
  0x000001dcdf48b690 JavaThread "Daemon health stats" [_thread_blocked, id=10528, stack(0x000000604d000000,0x000000604d100000)]
  0x000001dcdec499a0 JavaThread "Incoming local TCP Connector on port 10634" [_thread_in_native, id=17540, stack(0x000000604d100000,0x000000604d200000)]
  0x000001dcded09dc0 JavaThread "Daemon periodic checks" [_thread_blocked, id=16852, stack(0x000000604d200000,0x000000604d300000)]
  0x000001dcde4d0a70 JavaThread "Daemon" [_thread_blocked, id=5624, stack(0x000000604d300000,0x000000604d400000)]
  0x000001dcdfce8460 JavaThread "Handler for socket connection from /127.0.0.1:10634 to /127.0.0.1:10635" [_thread_in_native, id=2600, stack(0x000000604d400000,0x000000604d500000)]
  0x000001dce0023600 JavaThread "Cancel handler" [_thread_blocked, id=14140, stack(0x000000604d500000,0x000000604d600000)]
  0x000001dcdf2309e0 JavaThread "Daemon worker" [_thread_in_vm, id=7744, stack(0x000000604d600000,0x000000604d700000)]
  0x000001dcdf233060 JavaThread "Asynchronous log dispatcher for DefaultDaemonConnection: socket connection from /127.0.0.1:10634 to /127.0.0.1:10635" [_thread_blocked, id=20556, stack(0x000000604d700000,0x000000604d800000)]
  0x000001dcdf22fb70 JavaThread "Stdin handler" [_thread_blocked, id=6516, stack(0x000000604d800000,0x000000604d900000)]
  0x000001dcdf2321f0 JavaThread "Daemon client event forwarder" [_thread_blocked, id=18448, stack(0x000000604d900000,0x000000604da00000)]
  0x000001dcdf2326c0 JavaThread "Cache worker for journal cache (C:\Users\Acer\.gradle\caches\journal-1)" [_thread_blocked, id=1356, stack(0x000000604ca00000,0x000000604cb00000)]
  0x000001dcdf230040 JavaThread "File lock request listener" [_thread_in_native, id=20872, stack(0x000000604da00000,0x000000604db00000)]
  0x000001dcdf230eb0 JavaThread "Cache worker for file hash cache (C:\Users\Acer\.gradle\caches\9.3.1\fileHashes)" [_thread_blocked, id=20404, stack(0x000000604db00000,0x000000604dc00000)]

Other Threads:
  0x000001dcdcfb2450 VMThread "VM Thread" [stack: 0x000000604bc00000,0x000000604bd00000] [id=15200]
  0x000001dcbee96df0 WatcherThread [stack: 0x000000604c800000,0x000000604c900000] [id=15248]
  0x000001dcbee78330 GCTaskThread "GC Thread#0" [stack: 0x000000604b700000,0x000000604b800000] [id=10664]
  0x000001dcde116580 GCTaskThread "GC Thread#1" [stack: 0x000000604cb00000,0x000000604cc00000] [id=5988]
  0x000001dcde008470 GCTaskThread "GC Thread#2" [stack: 0x000000604cc00000,0x000000604cd00000] [id=13536]
  0x000001dcde008720 GCTaskThread "GC Thread#3" [stack: 0x000000604cd00000,0x000000604ce00000] [id=18888]
  0x000001dcde046c50 GCTaskThread "GC Thread#4" [stack: 0x000000604ce00000,0x000000604cf00000] [id=17088]
  0x000001dcde047710 GCTaskThread "GC Thread#5" [stack: 0x000000604cf00000,0x000000604d000000] [id=21296]
  0x000001dcbee8a090 ConcurrentGCThread "G1 Main Marker" [stack: 0x000000604b800000,0x000000604b900000] [id=17872]
  0x000001dcbee8a8b0 ConcurrentGCThread "G1 Conc#0" [stack: 0x000000604b900000,0x000000604ba00000] [id=12052]
  0x000001dcbef0e9f0 ConcurrentGCThread "G1 Refine#0" [stack: 0x000000604ba00000,0x000000604bb00000] [id=10092]
  0x000001dcdce70530 ConcurrentGCThread "G1 Service" [stack: 0x000000604bb00000,0x000000604bc00000] [id=12148]

Threads with active compile tasks:
C2 CompilerThread0     1810 2345   !   4       java.lang.ClassLoader::loadClass (121 bytes)
C1 CompilerThread0     1811 2467   !   3       org.gradle.internal.service.MethodHandleBasedServiceMethodFactory::toServiceMethod (51 bytes)
C2 CompilerThread1     1811 2458   !   4       java.net.URLClassLoader::findClass (47 bytes)

VM state: not at safepoint (normal execution)

VM Mutex/Monitor currently owned by a thread: None

Heap address: 0x0000000080000000, size: 2048 MB, Compressed Oops mode: 32-bit

CDS archive(s) mapped at: [0x0000000800000000-0x0000000800bc0000-0x0000000800bc0000), size 12320768, SharedBaseAddress: 0x0000000800000000, ArchiveRelocationMode: 0.
Compressed class space mapped at: 0x0000000800c00000-0x0000000840c00000, reserved size: 1073741824
Narrow klass base: 0x0000000800000000, Narrow klass shift: 0, Narrow klass range: 0x100000000

GC Precious Log:
 CPUs: 8 total, 8 available
 Memory: 16179M
 Large Page Support: Disabled
 NUMA Support: Disabled
 Compressed Oops: Enabled (32-bit)
 Heap Region Size: 1M
 Heap Min Capacity: 8M
 Heap Initial Capacity: 254M
 Heap Max Capacity: 2G
 Pre-touch: Disabled
 Parallel Workers: 8
 Concurrent Workers: 2
 Concurrent Refinement Workers: 8
 Periodic GC: Disabled

Heap:
 garbage-first heap   total 260096K, used 103447K [0x0000000080000000, 0x0000000100000000)
  region size 1024K, 93 young (95232K), 9 survivors (9216K)
 Metaspace       used 19474K, committed 19840K, reserved 1073152K
  class space    used 2647K, committed 2816K, reserved 1048576K

Heap Regions: E=young(eden), S=young(survivor), O=old, HS=humongous(starts), HC=humongous(continues), CS=collection set, F=free, OA=open archive, CA=closed archive, TAMS=top-at-mark-start (previous, next)
|   0|0x0000000080000000, 0x0000000080100000, 0x0000000080100000|100%|HS|  |TAMS 0x0000000080000000, 0x0000000080000000| Complete 
|   1|0x0000000080100000, 0x0000000080200000, 0x0000000080200000|100%|HC|  |TAMS 0x0000000080100000, 0x0000000080100000| Complete 
|   2|0x0000000080200000, 0x0000000080300000, 0x0000000080300000|100%|HC|  |TAMS 0x0000000080200000, 0x0000000080200000| Complete 
|   3|0x0000000080300000, 0x0000000080400000, 0x0000000080400000|100%|HC|  |TAMS 0x0000000080300000, 0x0000000080300000| Complete 
|   4|0x0000000080400000, 0x0000000080500000, 0x0000000080500000|100%| O|  |TAMS 0x0000000080400000, 0x0000000080400000| Untracked 
|   5|0x0000000080500000, 0x0000000080600000, 0x0000000080600000|100%| O|  |TAMS 0x0000000080500000, 0x0000000080500000| Untracked 
|   6|0x0000000080600000, 0x0000000080700000, 0x0000000080700000|100%| O|  |TAMS 0x0000000080600000, 0x0000000080600000| Untracked 
|   7|0x0000000080700000, 0x0000000080800000, 0x0000000080800000|100%|HS|  |TAMS 0x0000000080700000, 0x0000000080700000| Complete 
|   8|0x0000000080800000, 0x0000000080900000, 0x0000000080900000|100%|HS|  |TAMS 0x0000000080800000, 0x0000000080800000| Complete 
|   9|0x0000000080900000, 0x0000000080905e00, 0x0000000080a00000|  2%| O|  |TAMS 0x0000000080900000, 0x0000000080900000| Untracked 
|  10|0x0000000080a00000, 0x0000000080b00000, 0x0000000080b00000|100%|HS|  |TAMS 0x0000000080a00000, 0x0000000080a00000| Complete 
|  11|0x0000000080b00000, 0x0000000080b00000, 0x0000000080c00000|  0%| F|  |TAMS 0x0000000080b00000, 0x0000000080b00000| Untracked 
|  12|0x0000000080c00000, 0x0000000080c00000, 0x0000000080d00000|  0%| F|  |TAMS 0x0000000080c00000, 0x0000000080c00000| Untracked 
|  13|0x0000000080d00000, 0x0000000080d00000, 0x0000000080e00000|  0%| F|  |TAMS 0x0000000080d00000, 0x0000000080d00000| Untracked 
|  14|0x0000000080e00000, 0x0000000080e00000, 0x0000000080f00000|  0%| F|  |TAMS 0x0000000080e00000, 0x0000000080e00000| Untracked 
|  15|0x0000000080f00000, 0x0000000080f00000, 0x0000000081000000|  0%| F|  |TAMS 0x0000000080f00000, 0x0000000080f00000| Untracked 
|  16|0x0000000081000000, 0x0000000081000000, 0x0000000081100000|  0%| F|  |TAMS 0x0000000081000000, 0x0000000081000000| Untracked 
|  17|0x0000000081100000, 0x0000000081100000, 0x0000000081200000|  0%| F|  |TAMS 0x0000000081100000, 0x0000000081100000| Untracked 
|  18|0x0000000081200000, 0x0000000081200000, 0x0000000081300000|  0%| F|  |TAMS 0x0000000081200000, 0x0000000081200000| Untracked 
|  19|0x0000000081300000, 0x0000000081300000, 0x0000000081400000|  0%| F|  |TAMS 0x0000000081300000, 0x0000000081300000| Untracked 
|  20|0x0000000081400000, 0x0000000081400000, 0x0000000081500000|  0%| F|  |TAMS 0x0000000081400000, 0x0000000081400000| Untracked 
|  21|0x0000000081500000, 0x0000000081500000, 0x0000000081600000|  0%| F|  |TAMS 0x0000000081500000, 0x0000000081500000| Untracked 
|  22|0x0000000081600000, 0x0000000081600000, 0x0000000081700000|  0%| F|  |TAMS 0x0000000081600000, 0x0000000081600000| Untracked 
|  23|0x0000000081700000, 0x0000000081700000, 0x0000000081800000|  0%| F|  |TAMS 0x0000000081700000, 0x0000000081700000| Untracked 
|  24|0x0000000081800000, 0x0000000081800000, 0x0000000081900000|  0%| F|  |TAMS 0x0000000081800000, 0x0000000081800000| Untracked 
|  25|0x0000000081900000, 0x0000000081900000, 0x0000000081a00000|  0%| F|  |TAMS 0x0000000081900000, 0x0000000081900000| Untracked 
|  26|0x0000000081a00000, 0x0000000081a00000, 0x0000000081b00000|  0%| F|  |TAMS 0x0000000081a00000, 0x0000000081a00000| Untracked 
|  27|0x0000000081b00000, 0x0000000081b00000, 0x0000000081c00000|  0%| F|  |TAMS 0x0000000081b00000, 0x0000000081b00000| Untracked 
|  28|0x0000000081c00000, 0x0000000081c00000, 0x0000000081d00000|  0%| F|  |TAMS 0x0000000081c00000, 0x0000000081c00000| Untracked 
|  29|0x0000000081d00000, 0x0000000081d00000, 0x0000000081e00000|  0%| F|  |TAMS 0x0000000081d00000, 0x0000000081d00000| Untracked 
|  30|0x0000000081e00000, 0x0000000081e00000, 0x0000000081f00000|  0%| F|  |TAMS 0x0000000081e00000, 0x0000000081e00000| Untracked 
|  31|0x0000000081f00000, 0x0000000081f00000, 0x0000000082000000|  0%| F|  |TAMS 0x0000000081f00000, 0x0000000081f00000| Untracked 
|  32|0x0000000082000000, 0x0000000082000000, 0x0000000082100000|  0%| F|  |TAMS 0x0000000082000000, 0x0000000082000000| Untracked 
|  33|0x0000000082100000, 0x0000000082100000, 0x0000000082200000|  0%| F|  |TAMS 0x0000000082100000, 0x0000000082100000| Untracked 
|  34|0x0000000082200000, 0x0000000082200000, 0x0000000082300000|  0%| F|  |TAMS 0x0000000082200000, 0x0000000082200000| Untracked 
|  35|0x0000000082300000, 0x0000000082300000, 0x0000000082400000|  0%| F|  |TAMS 0x0000000082300000, 0x0000000082300000| Untracked 
|  36|0x0000000082400000, 0x0000000082400000, 0x0000000082500000|  0%| F|  |TAMS 0x0000000082400000, 0x0000000082400000| Untracked 
|  37|0x0000000082500000, 0x0000000082500000, 0x0000000082600000|  0%| F|  |TAMS 0x0000000082500000, 0x0000000082500000| Untracked 
|  38|0x0000000082600000, 0x0000000082600000, 0x0000000082700000|  0%| F|  |TAMS 0x0000000082600000, 0x0000000082600000| Untracked 
|  39|0x0000000082700000, 0x0000000082700000, 0x0000000082800000|  0%| F|  |TAMS 0x0000000082700000, 0x0000000082700000| Untracked 
|  40|0x0000000082800000, 0x0000000082800000, 0x0000000082900000|  0%| F|  |TAMS 0x0000000082800000, 0x0000000082800000| Untracked 
|  41|0x0000000082900000, 0x0000000082900000, 0x0000000082a00000|  0%| F|  |TAMS 0x0000000082900000, 0x0000000082900000| Untracked 
|  42|0x0000000082a00000, 0x0000000082a00000, 0x0000000082b00000|  0%| F|  |TAMS 0x0000000082a00000, 0x0000000082a00000| Untracked 
|  43|0x0000000082b00000, 0x0000000082b00000, 0x0000000082c00000|  0%| F|  |TAMS 0x0000000082b00000, 0x0000000082b00000| Untracked 
|  44|0x0000000082c00000, 0x0000000082c00000, 0x0000000082d00000|  0%| F|  |TAMS 0x0000000082c00000, 0x0000000082c00000| Untracked 
|  45|0x0000000082d00000, 0x0000000082d00000, 0x0000000082e00000|  0%| F|  |TAMS 0x0000000082d00000, 0x0000000082d00000| Untracked 
|  46|0x0000000082e00000, 0x0000000082e00000, 0x0000000082f00000|  0%| F|  |TAMS 0x0000000082e00000, 0x0000000082e00000| Untracked 
|  47|0x0000000082f00000, 0x0000000082f00000, 0x0000000083000000|  0%| F|  |TAMS 0x0000000082f00000, 0x0000000082f00000| Untracked 
|  48|0x0000000083000000, 0x0000000083000000, 0x0000000083100000|  0%| F|  |TAMS 0x0000000083000000, 0x0000000083000000| Untracked 
|  49|0x0000000083100000, 0x0000000083100000, 0x0000000083200000|  0%| F|  |TAMS 0x0000000083100000, 0x0000000083100000| Untracked 
|  50|0x0000000083200000, 0x0000000083200000, 0x0000000083300000|  0%| F|  |TAMS 0x0000000083200000, 0x0000000083200000| Untracked 
|  51|0x0000000083300000, 0x0000000083300000, 0x0000000083400000|  0%| F|  |TAMS 0x0000000083300000, 0x0000000083300000| Untracked 
|  52|0x0000000083400000, 0x0000000083400000, 0x0000000083500000|  0%| F|  |TAMS 0x0000000083400000, 0x0000000083400000| Untracked 
|  53|0x0000000083500000, 0x0000000083500000, 0x0000000083600000|  0%| F|  |TAMS 0x0000000083500000, 0x0000000083500000| Untracked 
|  54|0x0000000083600000, 0x0000000083600000, 0x0000000083700000|  0%| F|  |TAMS 0x0000000083600000, 0x0000000083600000| Untracked 
|  55|0x0000000083700000, 0x0000000083700000, 0x0000000083800000|  0%| F|  |TAMS 0x0000000083700000, 0x0000000083700000| Untracked 
|  56|0x0000000083800000, 0x0000000083800000, 0x0000000083900000|  0%| F|  |TAMS 0x0000000083800000, 0x0000000083800000| Untracked 
|  57|0x0000000083900000, 0x0000000083900000, 0x0000000083a00000|  0%| F|  |TAMS 0x0000000083900000, 0x0000000083900000| Untracked 
|  58|0x0000000083a00000, 0x0000000083a00000, 0x0000000083b00000|  0%| F|  |TAMS 0x0000000083a00000, 0x0000000083a00000| Untracked 
|  59|0x0000000083b00000, 0x0000000083b00000, 0x0000000083c00000|  0%| F|  |TAMS 0x0000000083b00000, 0x0000000083b00000| Untracked 
|  60|0x0000000083c00000, 0x0000000083c00000, 0x0000000083d00000|  0%| F|  |TAMS 0x0000000083c00000, 0x0000000083c00000| Untracked 
|  61|0x0000000083d00000, 0x0000000083d00000, 0x0000000083e00000|  0%| F|  |TAMS 0x0000000083d00000, 0x0000000083d00000| Untracked 
|  62|0x0000000083e00000, 0x0000000083e00000, 0x0000000083f00000|  0%| F|  |TAMS 0x0000000083e00000, 0x0000000083e00000| Untracked 
|  63|0x0000000083f00000, 0x0000000083f00000, 0x0000000084000000|  0%| F|  |TAMS 0x0000000083f00000, 0x0000000083f00000| Untracked 
|  64|0x0000000084000000, 0x0000000084000000, 0x0000000084100000|  0%| F|  |TAMS 0x0000000084000000, 0x0000000084000000| Untracked 
|  65|0x0000000084100000, 0x0000000084100000, 0x0000000084200000|  0%| F|  |TAMS 0x0000000084100000, 0x0000000084100000| Untracked 
|  66|0x0000000084200000, 0x0000000084200000, 0x0000000084300000|  0%| F|  |TAMS 0x0000000084200000, 0x0000000084200000| Untracked 
|  67|0x0000000084300000, 0x0000000084300000, 0x0000000084400000|  0%| F|  |TAMS 0x0000000084300000, 0x0000000084300000| Untracked 
|  68|0x0000000084400000, 0x0000000084400000, 0x0000000084500000|  0%| F|  |TAMS 0x0000000084400000, 0x0000000084400000| Untracked 
|  69|0x0000000084500000, 0x0000000084500000, 0x0000000084600000|  0%| F|  |TAMS 0x0000000084500000, 0x0000000084500000| Untracked 
|  70|0x0000000084600000, 0x0000000084600000, 0x0000000084700000|  0%| F|  |TAMS 0x0000000084600000, 0x0000000084600000| Untracked 
|  71|0x0000000084700000, 0x0000000084700000, 0x0000000084800000|  0%| F|  |TAMS 0x0000000084700000, 0x0000000084700000| Untracked 
|  72|0x0000000084800000, 0x0000000084800000, 0x0000000084900000|  0%| F|  |TAMS 0x0000000084800000, 0x0000000084800000| Untracked 
|  73|0x0000000084900000, 0x0000000084900000, 0x0000000084a00000|  0%| F|  |TAMS 0x0000000084900000, 0x0000000084900000| Untracked 
|  74|0x0000000084a00000, 0x0000000084a00000, 0x0000000084b00000|  0%| F|  |TAMS 0x0000000084a00000, 0x0000000084a00000| Untracked 
|  75|0x0000000084b00000, 0x0000000084b00000, 0x0000000084c00000|  0%| F|  |TAMS 0x0000000084b00000, 0x0000000084b00000| Untracked 
|  76|0x0000000084c00000, 0x0000000084c00000, 0x0000000084d00000|  0%| F|  |TAMS 0x0000000084c00000, 0x0000000084c00000| Untracked 
|  77|0x0000000084d00000, 0x0000000084d00000, 0x0000000084e00000|  0%| F|  |TAMS 0x0000000084d00000, 0x0000000084d00000| Untracked 
|  78|0x0000000084e00000, 0x0000000084e00000, 0x0000000084f00000|  0%| F|  |TAMS 0x0000000084e00000, 0x0000000084e00000| Untracked 
|  79|0x0000000084f00000, 0x0000000084f00000, 0x0000000085000000|  0%| F|  |TAMS 0x0000000084f00000, 0x0000000084f00000| Untracked 
|  80|0x0000000085000000, 0x0000000085000000, 0x0000000085100000|  0%| F|  |TAMS 0x0000000085000000, 0x0000000085000000| Untracked 
|  81|0x0000000085100000, 0x0000000085100000, 0x0000000085200000|  0%| F|  |TAMS 0x0000000085100000, 0x0000000085100000| Untracked 
|  82|0x0000000085200000, 0x0000000085200000, 0x0000000085300000|  0%| F|  |TAMS 0x0000000085200000, 0x0000000085200000| Untracked 
|  83|0x0000000085300000, 0x0000000085300000, 0x0000000085400000|  0%| F|  |TAMS 0x0000000085300000, 0x0000000085300000| Untracked 
|  84|0x0000000085400000, 0x0000000085400000, 0x0000000085500000|  0%| F|  |TAMS 0x0000000085400000, 0x0000000085400000| Untracked 
|  85|0x0000000085500000, 0x0000000085500000, 0x0000000085600000|  0%| F|  |TAMS 0x0000000085500000, 0x0000000085500000| Untracked 
|  86|0x0000000085600000, 0x0000000085600000, 0x0000000085700000|  0%| F|  |TAMS 0x0000000085600000, 0x0000000085600000| Untracked 
|  87|0x0000000085700000, 0x0000000085700000, 0x0000000085800000|  0%| F|  |TAMS 0x0000000085700000, 0x0000000085700000| Untracked 
|  88|0x0000000085800000, 0x0000000085800000, 0x0000000085900000|  0%| F|  |TAMS 0x0000000085800000, 0x0000000085800000| Untracked 
|  89|0x0000000085900000, 0x0000000085900000, 0x0000000085a00000|  0%| F|  |TAMS 0x0000000085900000, 0x0000000085900000| Untracked 
|  90|0x0000000085a00000, 0x0000000085a00000, 0x0000000085b00000|  0%| F|  |TAMS 0x0000000085a00000, 0x0000000085a00000| Untracked 
|  91|0x0000000085b00000, 0x0000000085b00000, 0x0000000085c00000|  0%| F|  |TAMS 0x0000000085b00000, 0x0000000085b00000| Untracked 
|  92|0x0000000085c00000, 0x0000000085c00000, 0x0000000085d00000|  0%| F|  |TAMS 0x0000000085c00000, 0x0000000085c00000| Untracked 
|  93|0x0000000085d00000, 0x0000000085d00000, 0x0000000085e00000|  0%| F|  |TAMS 0x0000000085d00000, 0x0000000085d00000| Untracked 
|  94|0x0000000085e00000, 0x0000000085e00000, 0x0000000085f00000|  0%| F|  |TAMS 0x0000000085e00000, 0x0000000085e00000| Untracked 
|  95|0x0000000085f00000, 0x0000000085f00000, 0x0000000086000000|  0%| F|  |TAMS 0x0000000085f00000, 0x0000000085f00000| Untracked 
|  96|0x0000000086000000, 0x0000000086000000, 0x0000000086100000|  0%| F|  |TAMS 0x0000000086000000, 0x0000000086000000| Untracked 
|  97|0x0000000086100000, 0x0000000086100000, 0x0000000086200000|  0%| F|  |TAMS 0x0000000086100000, 0x0000000086100000| Untracked 
|  98|0x0000000086200000, 0x0000000086200000, 0x0000000086300000|  0%| F|  |TAMS 0x0000000086200000, 0x0000000086200000| Untracked 
|  99|0x0000000086300000, 0x0000000086300000, 0x0000000086400000|  0%| F|  |TAMS 0x0000000086300000, 0x0000000086300000| Untracked 
| 100|0x0000000086400000, 0x0000000086400000, 0x0000000086500000|  0%| F|  |TAMS 0x0000000086400000, 0x0000000086400000| Untracked 
| 101|0x0000000086500000, 0x0000000086500000, 0x0000000086600000|  0%| F|  |TAMS 0x0000000086500000, 0x0000000086500000| Untracked 
| 102|0x0000000086600000, 0x0000000086600000, 0x0000000086700000|  0%| F|  |TAMS 0x0000000086600000, 0x0000000086600000| Untracked 
| 103|0x0000000086700000, 0x0000000086700000, 0x0000000086800000|  0%| F|  |TAMS 0x0000000086700000, 0x0000000086700000| Untracked 
| 104|0x0000000086800000, 0x0000000086800000, 0x0000000086900000|  0%| F|  |TAMS 0x0000000086800000, 0x0000000086800000| Untracked 
| 105|0x0000000086900000, 0x0000000086900000, 0x0000000086a00000|  0%| F|  |TAMS 0x0000000086900000, 0x0000000086900000| Untracked 
| 106|0x0000000086a00000, 0x0000000086a00000, 0x0000000086b00000|  0%| F|  |TAMS 0x0000000086a00000, 0x0000000086a00000| Untracked 
| 107|0x0000000086b00000, 0x0000000086b00000, 0x0000000086c00000|  0%| F|  |TAMS 0x0000000086b00000, 0x0000000086b00000| Untracked 
| 108|0x0000000086c00000, 0x0000000086c00000, 0x0000000086d00000|  0%| F|  |TAMS 0x0000000086c00000, 0x0000000086c00000| Untracked 
| 109|0x0000000086d00000, 0x0000000086d00000, 0x0000000086e00000|  0%| F|  |TAMS 0x0000000086d00000, 0x0000000086d00000| Untracked 
| 110|0x0000000086e00000, 0x0000000086e00000, 0x0000000086f00000|  0%| F|  |TAMS 0x0000000086e00000, 0x0000000086e00000| Untracked 
| 111|0x0000000086f00000, 0x0000000086f00000, 0x0000000087000000|  0%| F|  |TAMS 0x0000000086f00000, 0x0000000086f00000| Untracked 
| 112|0x0000000087000000, 0x0000000087000000, 0x0000000087100000|  0%| F|  |TAMS 0x0000000087000000, 0x0000000087000000| Untracked 
| 113|0x0000000087100000, 0x0000000087100000, 0x0000000087200000|  0%| F|  |TAMS 0x0000000087100000, 0x0000000087100000| Untracked 
| 114|0x0000000087200000, 0x0000000087200000, 0x0000000087300000|  0%| F|  |TAMS 0x0000000087200000, 0x0000000087200000| Untracked 
| 115|0x0000000087300000, 0x0000000087300000, 0x0000000087400000|  0%| F|  |TAMS 0x0000000087300000, 0x0000000087300000| Untracked 
| 116|0x0000000087400000, 0x0000000087400000, 0x0000000087500000|  0%| F|  |TAMS 0x0000000087400000, 0x0000000087400000| Untracked 
| 117|0x0000000087500000, 0x0000000087500000, 0x0000000087600000|  0%| F|  |TAMS 0x0000000087500000, 0x0000000087500000| Untracked 
| 118|0x0000000087600000, 0x0000000087600000, 0x0000000087700000|  0%| F|  |TAMS 0x0000000087600000, 0x0000000087600000| Untracked 
| 119|0x0000000087700000, 0x0000000087700000, 0x0000000087800000|  0%| F|  |TAMS 0x0000000087700000, 0x0000000087700000| Untracked 
| 120|0x0000000087800000, 0x0000000087800000, 0x0000000087900000|  0%| F|  |TAMS 0x0000000087800000, 0x0000000087800000| Untracked 
| 121|0x0000000087900000, 0x0000000087900000, 0x0000000087a00000|  0%| F|  |TAMS 0x0000000087900000, 0x0000000087900000| Untracked 
| 122|0x0000000087a00000, 0x0000000087a00000, 0x0000000087b00000|  0%| F|  |TAMS 0x0000000087a00000, 0x0000000087a00000| Untracked 
| 123|0x0000000087b00000, 0x0000000087b00000, 0x0000000087c00000|  0%| F|  |TAMS 0x0000000087b00000, 0x0000000087b00000| Untracked 
| 124|0x0000000087c00000, 0x0000000087c00000, 0x0000000087d00000|  0%| F|  |TAMS 0x0000000087c00000, 0x0000000087c00000| Untracked 
| 125|0x0000000087d00000, 0x0000000087d00000, 0x0000000087e00000|  0%| F|  |TAMS 0x0000000087d00000, 0x0000000087d00000| Untracked 
| 126|0x0000000087e00000, 0x0000000087e00000, 0x0000000087f00000|  0%| F|  |TAMS 0x0000000087e00000, 0x0000000087e00000| Untracked 
| 127|0x0000000087f00000, 0x0000000087f00000, 0x0000000088000000|  0%| F|  |TAMS 0x0000000087f00000, 0x0000000087f00000| Untracked 
| 128|0x0000000088000000, 0x0000000088000000, 0x0000000088100000|  0%| F|  |TAMS 0x0000000088000000, 0x0000000088000000| Untracked 
| 129|0x0000000088100000, 0x0000000088100000, 0x0000000088200000|  0%| F|  |TAMS 0x0000000088100000, 0x0000000088100000| Untracked 
| 130|0x0000000088200000, 0x0000000088200000, 0x0000000088300000|  0%| F|  |TAMS 0x0000000088200000, 0x0000000088200000| Untracked 
| 131|0x0000000088300000, 0x0000000088300000, 0x0000000088400000|  0%| F|  |TAMS 0x0000000088300000, 0x0000000088300000| Untracked 
| 132|0x0000000088400000, 0x0000000088400000, 0x0000000088500000|  0%| F|  |TAMS 0x0000000088400000, 0x0000000088400000| Untracked 
| 133|0x0000000088500000, 0x0000000088500000, 0x0000000088600000|  0%| F|  |TAMS 0x0000000088500000, 0x0000000088500000| Untracked 
| 134|0x0000000088600000, 0x0000000088600000, 0x0000000088700000|  0%| F|  |TAMS 0x0000000088600000, 0x0000000088600000| Untracked 
| 135|0x0000000088700000, 0x0000000088700000, 0x0000000088800000|  0%| F|  |TAMS 0x0000000088700000, 0x0000000088700000| Untracked 
| 136|0x0000000088800000, 0x0000000088800000, 0x0000000088900000|  0%| F|  |TAMS 0x0000000088800000, 0x0000000088800000| Untracked 
| 137|0x0000000088900000, 0x0000000088900000, 0x0000000088a00000|  0%| F|  |TAMS 0x0000000088900000, 0x0000000088900000| Untracked 
| 138|0x0000000088a00000, 0x0000000088a00000, 0x0000000088b00000|  0%| F|  |TAMS 0x0000000088a00000, 0x0000000088a00000| Untracked 
| 139|0x0000000088b00000, 0x0000000088b00000, 0x0000000088c00000|  0%| F|  |TAMS 0x0000000088b00000, 0x0000000088b00000| Untracked 
| 140|0x0000000088c00000, 0x0000000088c00000, 0x0000000088d00000|  0%| F|  |TAMS 0x0000000088c00000, 0x0000000088c00000| Untracked 
| 141|0x0000000088d00000, 0x0000000088d00000, 0x0000000088e00000|  0%| F|  |TAMS 0x0000000088d00000, 0x0000000088d00000| Untracked 
| 142|0x0000000088e00000, 0x0000000088e00000, 0x0000000088f00000|  0%| F|  |TAMS 0x0000000088e00000, 0x0000000088e00000| Untracked 
| 143|0x0000000088f00000, 0x0000000088f00000, 0x0000000089000000|  0%| F|  |TAMS 0x0000000088f00000, 0x0000000088f00000| Untracked 
| 144|0x0000000089000000, 0x0000000089000000, 0x0000000089100000|  0%| F|  |TAMS 0x0000000089000000, 0x0000000089000000| Untracked 
| 145|0x0000000089100000, 0x0000000089100000, 0x0000000089200000|  0%| F|  |TAMS 0x0000000089100000, 0x0000000089100000| Untracked 
| 146|0x0000000089200000, 0x0000000089200000, 0x0000000089300000|  0%| F|  |TAMS 0x0000000089200000, 0x0000000089200000| Untracked 
| 147|0x0000000089300000, 0x0000000089300000, 0x0000000089400000|  0%| F|  |TAMS 0x0000000089300000, 0x0000000089300000| Untracked 
| 148|0x0000000089400000, 0x0000000089400000, 0x0000000089500000|  0%| F|  |TAMS 0x0000000089400000, 0x0000000089400000| Untracked 
| 149|0x0000000089500000, 0x0000000089500000, 0x0000000089600000|  0%| F|  |TAMS 0x0000000089500000, 0x0000000089500000| Untracked 
| 150|0x0000000089600000, 0x0000000089600000, 0x0000000089700000|  0%| F|  |TAMS 0x0000000089600000, 0x0000000089600000| Untracked 
| 151|0x0000000089700000, 0x0000000089700000, 0x0000000089800000|  0%| F|  |TAMS 0x0000000089700000, 0x0000000089700000| Untracked 
| 152|0x0000000089800000, 0x0000000089800000, 0x0000000089900000|  0%| F|  |TAMS 0x0000000089800000, 0x0000000089800000| Untracked 
| 153|0x0000000089900000, 0x0000000089900000, 0x0000000089a00000|  0%| F|  |TAMS 0x0000000089900000, 0x0000000089900000| Untracked 
| 154|0x0000000089a00000, 0x0000000089a00000, 0x0000000089b00000|  0%| F|  |TAMS 0x0000000089a00000, 0x0000000089a00000| Untracked 
| 155|0x0000000089b00000, 0x0000000089b00000, 0x0000000089c00000|  0%| F|  |TAMS 0x0000000089b00000, 0x0000000089b00000| Untracked 
| 156|0x0000000089c00000, 0x0000000089c00000, 0x0000000089d00000|  0%| F|  |TAMS 0x0000000089c00000, 0x0000000089c00000| Untracked 
| 157|0x0000000089d00000, 0x0000000089d00000, 0x0000000089e00000|  0%| F|  |TAMS 0x0000000089d00000, 0x0000000089d00000| Untracked 
| 158|0x0000000089e00000, 0x0000000089e00000, 0x0000000089f00000|  0%| F|  |TAMS 0x0000000089e00000, 0x0000000089e00000| Untracked 
| 159|0x0000000089f00000, 0x0000000089f00000, 0x000000008a000000|  0%| F|  |TAMS 0x0000000089f00000, 0x0000000089f00000| Untracked 
| 160|0x000000008a000000, 0x000000008a000000, 0x000000008a100000|  0%| F|  |TAMS 0x000000008a000000, 0x000000008a000000| Untracked 
| 161|0x000000008a100000, 0x000000008a1863d8, 0x000000008a200000| 52%| E|  |TAMS 0x000000008a100000, 0x000000008a100000| Complete 
| 162|0x000000008a200000, 0x000000008a300000, 0x000000008a300000|100%| E|CS|TAMS 0x000000008a200000, 0x000000008a200000| Complete 
| 163|0x000000008a300000, 0x000000008a400000, 0x000000008a400000|100%| E|CS|TAMS 0x000000008a300000, 0x000000008a300000| Complete 
| 164|0x000000008a400000, 0x000000008a500000, 0x000000008a500000|100%| E|CS|TAMS 0x000000008a400000, 0x000000008a400000| Complete 
| 165|0x000000008a500000, 0x000000008a600000, 0x000000008a600000|100%| E|CS|TAMS 0x000000008a500000, 0x000000008a500000| Complete 
| 166|0x000000008a600000, 0x000000008a700000, 0x000000008a700000|100%| E|CS|TAMS 0x000000008a600000, 0x000000008a600000| Complete 
| 167|0x000000008a700000, 0x000000008a800000, 0x000000008a800000|100%| E|CS|TAMS 0x000000008a700000, 0x000000008a700000| Complete 
| 168|0x000000008a800000, 0x000000008a900000, 0x000000008a900000|100%| E|CS|TAMS 0x000000008a800000, 0x000000008a800000| Complete 
| 169|0x000000008a900000, 0x000000008aa00000, 0x000000008aa00000|100%| E|CS|TAMS 0x000000008a900000, 0x000000008a900000| Complete 
| 170|0x000000008aa00000, 0x000000008ab00000, 0x000000008ab00000|100%| E|CS|TAMS 0x000000008aa00000, 0x000000008aa00000| Complete 
| 171|0x000000008ab00000, 0x000000008ac00000, 0x000000008ac00000|100%| E|CS|TAMS 0x000000008ab00000, 0x000000008ab00000| Complete 
| 172|0x000000008ac00000, 0x000000008ad00000, 0x000000008ad00000|100%| E|CS|TAMS 0x000000008ac00000, 0x000000008ac00000| Complete 
| 173|0x000000008ad00000, 0x000000008ae00000, 0x000000008ae00000|100%| E|CS|TAMS 0x000000008ad00000, 0x000000008ad00000| Complete 
| 174|0x000000008ae00000, 0x000000008af00000, 0x000000008af00000|100%| E|CS|TAMS 0x000000008ae00000, 0x000000008ae00000| Complete 
| 175|0x000000008af00000, 0x000000008b000000, 0x000000008b000000|100%| S|CS|TAMS 0x000000008af00000, 0x000000008af00000| Complete 
| 176|0x000000008b000000, 0x000000008b100000, 0x000000008b100000|100%| S|CS|TAMS 0x000000008b000000, 0x000000008b000000| Complete 
| 177|0x000000008b100000, 0x000000008b200000, 0x000000008b200000|100%| S|CS|TAMS 0x000000008b100000, 0x000000008b100000| Complete 
| 178|0x000000008b200000, 0x000000008b300000, 0x000000008b300000|100%| S|CS|TAMS 0x000000008b200000, 0x000000008b200000| Complete 
| 179|0x000000008b300000, 0x000000008b400000, 0x000000008b400000|100%| S|CS|TAMS 0x000000008b300000, 0x000000008b300000| Complete 
| 180|0x000000008b400000, 0x000000008b500000, 0x000000008b500000|100%| S|CS|TAMS 0x000000008b400000, 0x000000008b400000| Complete 
| 181|0x000000008b500000, 0x000000008b600000, 0x000000008b600000|100%| S|CS|TAMS 0x000000008b500000, 0x000000008b500000| Complete 
| 182|0x000000008b600000, 0x000000008b700000, 0x000000008b700000|100%| S|CS|TAMS 0x000000008b600000, 0x000000008b600000| Complete 
| 183|0x000000008b700000, 0x000000008b800000, 0x000000008b800000|100%| S|CS|TAMS 0x000000008b700000, 0x000000008b700000| Complete 
| 184|0x000000008b800000, 0x000000008b900000, 0x000000008b900000|100%| E|CS|TAMS 0x000000008b800000, 0x000000008b800000| Complete 
| 185|0x000000008b900000, 0x000000008ba00000, 0x000000008ba00000|100%| E|CS|TAMS 0x000000008b900000, 0x000000008b900000| Complete 
| 186|0x000000008ba00000, 0x000000008bb00000, 0x000000008bb00000|100%| E|CS|TAMS 0x000000008ba00000, 0x000000008ba00000| Complete 
| 187|0x000000008bb00000, 0x000000008bc00000, 0x000000008bc00000|100%| E|CS|TAMS 0x000000008bb00000, 0x000000008bb00000| Complete 
| 188|0x000000008bc00000, 0x000000008bd00000, 0x000000008bd00000|100%| E|CS|TAMS 0x000000008bc00000, 0x000000008bc00000| Complete 
| 189|0x000000008bd00000, 0x000000008be00000, 0x000000008be00000|100%| E|CS|TAMS 0x000000008bd00000, 0x000000008bd00000| Complete 
| 190|0x000000008be00000, 0x000000008bf00000, 0x000000008bf00000|100%| E|CS|TAMS 0x000000008be00000, 0x000000008be00000| Complete 
| 191|0x000000008bf00000, 0x000000008c000000, 0x000000008c000000|100%| E|  |TAMS 0x000000008bf00000, 0x000000008bf00000| Complete 
| 192|0x000000008c000000, 0x000000008c100000, 0x000000008c100000|100%| E|CS|TAMS 0x000000008c000000, 0x000000008c000000| Complete 
| 193|0x000000008c100000, 0x000000008c200000, 0x000000008c200000|100%| E|CS|TAMS 0x000000008c100000, 0x000000008c100000| Complete 
| 194|0x000000008c200000, 0x000000008c300000, 0x000000008c300000|100%| E|CS|TAMS 0x000000008c200000, 0x000000008c200000| Complete 
| 195|0x000000008c300000, 0x000000008c400000, 0x000000008c400000|100%| E|CS|TAMS 0x000000008c300000, 0x000000008c300000| Complete 
| 196|0x000000008c400000, 0x000000008c500000, 0x000000008c500000|100%| E|CS|TAMS 0x000000008c400000, 0x000000008c400000| Complete 
| 197|0x000000008c500000, 0x000000008c600000, 0x000000008c600000|100%| E|CS|TAMS 0x000000008c500000, 0x000000008c500000| Complete 
| 198|0x000000008c600000, 0x000000008c700000, 0x000000008c700000|100%| E|CS|TAMS 0x000000008c600000, 0x000000008c600000| Complete 
| 199|0x000000008c700000, 0x000000008c800000, 0x000000008c800000|100%| E|CS|TAMS 0x000000008c700000, 0x000000008c700000| Complete 
| 200|0x000000008c800000, 0x000000008c900000, 0x000000008c900000|100%| E|CS|TAMS 0x000000008c800000, 0x000000008c800000| Complete 
| 201|0x000000008c900000, 0x000000008ca00000, 0x000000008ca00000|100%| E|CS|TAMS 0x000000008c900000, 0x000000008c900000| Complete 
| 202|0x000000008ca00000, 0x000000008cb00000, 0x000000008cb00000|100%| E|CS|TAMS 0x000000008ca00000, 0x000000008ca00000| Complete 
| 203|0x000000008cb00000, 0x000000008cc00000, 0x000000008cc00000|100%| E|CS|TAMS 0x000000008cb00000, 0x000000008cb00000| Complete 
| 204|0x000000008cc00000, 0x000000008cd00000, 0x000000008cd00000|100%| E|CS|TAMS 0x000000008cc00000, 0x000000008cc00000| Complete 
| 205|0x000000008cd00000, 0x000000008ce00000, 0x000000008ce00000|100%| E|CS|TAMS 0x000000008cd00000, 0x000000008cd00000| Complete 
| 206|0x000000008ce00000, 0x000000008cf00000, 0x000000008cf00000|100%| E|CS|TAMS 0x000000008ce00000, 0x000000008ce00000| Complete 
| 207|0x000000008cf00000, 0x000000008d000000, 0x000000008d000000|100%| E|CS|TAMS 0x000000008cf00000, 0x000000008cf00000| Complete 
| 208|0x000000008d000000, 0x000000008d100000, 0x000000008d100000|100%| E|CS|TAMS 0x000000008d000000, 0x000000008d000000| Complete 
| 209|0x000000008d100000, 0x000000008d200000, 0x000000008d200000|100%| E|CS|TAMS 0x000000008d100000, 0x000000008d100000| Complete 
| 210|0x000000008d200000, 0x000000008d300000, 0x000000008d300000|100%| E|CS|TAMS 0x000000008d200000, 0x000000008d200000| Complete 
| 211|0x000000008d300000, 0x000000008d400000, 0x000000008d400000|100%| E|CS|TAMS 0x000000008d300000, 0x000000008d300000| Complete 
| 212|0x000000008d400000, 0x000000008d500000, 0x000000008d500000|100%| E|CS|TAMS 0x000000008d400000, 0x000000008d400000| Complete 
| 213|0x000000008d500000, 0x000000008d600000, 0x000000008d600000|100%| E|CS|TAMS 0x000000008d500000, 0x000000008d500000| Complete 
| 214|0x000000008d600000, 0x000000008d700000, 0x000000008d700000|100%| E|CS|TAMS 0x000000008d600000, 0x000000008d600000| Complete 
| 215|0x000000008d700000, 0x000000008d800000, 0x000000008d800000|100%| E|CS|TAMS 0x000000008d700000, 0x000000008d700000| Complete 
| 216|0x000000008d800000, 0x000000008d900000, 0x000000008d900000|100%| E|CS|TAMS 0x000000008d800000, 0x000000008d800000| Complete 
| 217|0x000000008d900000, 0x000000008da00000, 0x000000008da00000|100%| E|CS|TAMS 0x000000008d900000, 0x000000008d900000| Complete 
| 218|0x000000008da00000, 0x000000008db00000, 0x000000008db00000|100%| E|CS|TAMS 0x000000008da00000, 0x000000008da00000| Complete 
| 219|0x000000008db00000, 0x000000008dc00000, 0x000000008dc00000|100%| E|CS|TAMS 0x000000008db00000, 0x000000008db00000| Complete 
| 220|0x000000008dc00000, 0x000000008dd00000, 0x000000008dd00000|100%| E|CS|TAMS 0x000000008dc00000, 0x000000008dc00000| Complete 
| 221|0x000000008dd00000, 0x000000008de00000, 0x000000008de00000|100%| E|CS|TAMS 0x000000008dd00000, 0x000000008dd00000| Complete 
| 222|0x000000008de00000, 0x000000008df00000, 0x000000008df00000|100%| E|CS|TAMS 0x000000008de00000, 0x000000008de00000| Complete 
| 223|0x000000008df00000, 0x000000008e000000, 0x000000008e000000|100%| E|CS|TAMS 0x000000008df00000, 0x000000008df00000| Complete 
| 224|0x000000008e000000, 0x000000008e100000, 0x000000008e100000|100%| E|CS|TAMS 0x000000008e000000, 0x000000008e000000| Complete 
| 225|0x000000008e100000, 0x000000008e200000, 0x000000008e200000|100%| E|CS|TAMS 0x000000008e100000, 0x000000008e100000| Complete 
| 226|0x000000008e200000, 0x000000008e300000, 0x000000008e300000|100%| E|CS|TAMS 0x000000008e200000, 0x000000008e200000| Complete 
| 227|0x000000008e300000, 0x000000008e400000, 0x000000008e400000|100%| E|CS|TAMS 0x000000008e300000, 0x000000008e300000| Complete 
| 228|0x000000008e400000, 0x000000008e500000, 0x000000008e500000|100%| E|CS|TAMS 0x000000008e400000, 0x000000008e400000| Complete 
| 229|0x000000008e500000, 0x000000008e600000, 0x000000008e600000|100%| E|CS|TAMS 0x000000008e500000, 0x000000008e500000| Complete 
| 230|0x000000008e600000, 0x000000008e700000, 0x000000008e700000|100%| E|CS|TAMS 0x000000008e600000, 0x000000008e600000| Complete 
| 231|0x000000008e700000, 0x000000008e800000, 0x000000008e800000|100%| E|CS|TAMS 0x000000008e700000, 0x000000008e700000| Complete 
| 232|0x000000008e800000, 0x000000008e900000, 0x000000008e900000|100%| E|CS|TAMS 0x000000008e800000, 0x000000008e800000| Complete 
| 233|0x000000008e900000, 0x000000008ea00000, 0x000000008ea00000|100%| E|CS|TAMS 0x000000008e900000, 0x000000008e900000| Complete 
| 234|0x000000008ea00000, 0x000000008eb00000, 0x000000008eb00000|100%| E|CS|TAMS 0x000000008ea00000, 0x000000008ea00000| Complete 
| 235|0x000000008eb00000, 0x000000008ec00000, 0x000000008ec00000|100%| E|CS|TAMS 0x000000008eb00000, 0x000000008eb00000| Complete 
| 236|0x000000008ec00000, 0x000000008ed00000, 0x000000008ed00000|100%| E|CS|TAMS 0x000000008ec00000, 0x000000008ec00000| Complete 
| 237|0x000000008ed00000, 0x000000008ee00000, 0x000000008ee00000|100%| E|CS|TAMS 0x000000008ed00000, 0x000000008ed00000| Complete 
| 238|0x000000008ee00000, 0x000000008ef00000, 0x000000008ef00000|100%| E|CS|TAMS 0x000000008ee00000, 0x000000008ee00000| Complete 
| 239|0x000000008ef00000, 0x000000008f000000, 0x000000008f000000|100%| E|CS|TAMS 0x000000008ef00000, 0x000000008ef00000| Complete 
| 240|0x000000008f000000, 0x000000008f100000, 0x000000008f100000|100%| E|CS|TAMS 0x000000008f000000, 0x000000008f000000| Complete 
| 241|0x000000008f100000, 0x000000008f200000, 0x000000008f200000|100%| E|CS|TAMS 0x000000008f100000, 0x000000008f100000| Complete 
| 242|0x000000008f200000, 0x000000008f300000, 0x000000008f300000|100%| E|CS|TAMS 0x000000008f200000, 0x000000008f200000| Complete 
| 243|0x000000008f300000, 0x000000008f400000, 0x000000008f400000|100%| E|CS|TAMS 0x000000008f300000, 0x000000008f300000| Complete 
| 244|0x000000008f400000, 0x000000008f500000, 0x000000008f500000|100%| E|CS|TAMS 0x000000008f400000, 0x000000008f400000| Complete 
| 245|0x000000008f500000, 0x000000008f600000, 0x000000008f600000|100%| E|CS|TAMS 0x000000008f500000, 0x000000008f500000| Complete 
| 246|0x000000008f600000, 0x000000008f700000, 0x000000008f700000|100%| E|CS|TAMS 0x000000008f600000, 0x000000008f600000| Complete 
| 247|0x000000008f700000, 0x000000008f800000, 0x000000008f800000|100%| E|CS|TAMS 0x000000008f700000, 0x000000008f700000| Complete 
| 248|0x000000008f800000, 0x000000008f900000, 0x000000008f900000|100%| E|CS|TAMS 0x000000008f800000, 0x000000008f800000| Complete 
| 249|0x000000008f900000, 0x000000008fa00000, 0x000000008fa00000|100%| E|CS|TAMS 0x000000008f900000, 0x000000008f900000| Complete 
| 250|0x000000008fa00000, 0x000000008fb00000, 0x000000008fb00000|100%| E|CS|TAMS 0x000000008fa00000, 0x000000008fa00000| Complete 
| 251|0x000000008fb00000, 0x000000008fc00000, 0x000000008fc00000|100%| E|CS|TAMS 0x000000008fb00000, 0x000000008fb00000| Complete 
| 252|0x000000008fc00000, 0x000000008fd00000, 0x000000008fd00000|100%| E|CS|TAMS 0x000000008fc00000, 0x000000008fc00000| Complete 
| 253|0x000000008fd00000, 0x000000008fe00000, 0x000000008fe00000|100%| E|CS|TAMS 0x000000008fd00000, 0x000000008fd00000| Complete 

Card table byte_map: [0x000001dcd5d80000,0x000001dcd6180000] _byte_map_base: 0x000001dcd5980000

Marking Bits (Prev, Next): (CMBitMap*) 0x000001dcbee79760, (CMBitMap*) 0x000001dcbee797a0
 Prev Bits: [0x000001dcd6580000, 0x000001dcd8580000)
 Next Bits: [0x000001dcd8580000, 0x000001dcda580000)

Polling page: 0x000001dcbce40000

Metaspace:

Usage:
  Non-class:     16.43 MB used.
      Class:      2.59 MB used.
       Both:     19.02 MB used.

Virtual space:
  Non-class space:       24.00 MB reserved,      16.62 MB ( 69%) committed,  3 nodes.
      Class space:        1.00 GB reserved,       2.75 MB ( <1%) committed,  1 nodes.
             Both:        1.02 GB reserved,      19.38 MB (  2%) committed. 

Chunk freelists:
   Non-Class:  3.36 MB
       Class:  1.30 MB
        Both:  4.66 MB

MaxMetaspaceSize: unlimited
CompressedClassSpaceSize: 1.00 GB
Initial GC threshold: 21.00 MB
Current GC threshold: 21.00 MB
CDS: on
MetaspaceReclaimPolicy: balanced
 - commit_granule_bytes: 65536.
 - commit_granule_words: 8192.
 - virtual_space_node_default_size: 1048576.
 - enlarge_chunks_in_place: 1.
 - new_chunks_are_fully_committed: 0.
 - uncommit_free_chunks: 1.
 - use_allocation_guard: 0.
 - handle_deallocations: 1.


Internal statistics:

num_allocs_failed_limit: 0.
num_arena_births: 196.
num_arena_deaths: 0.
num_vsnodes_births: 4.
num_vsnodes_deaths: 0.
num_space_committed: 310.
num_space_uncommitted: 0.
num_chunks_returned_to_freelist: 0.
num_chunks_taken_from_freelist: 879.
num_chunk_merges: 0.
num_chunk_splits: 585.
num_chunks_enlarged: 435.
num_purges: 0.
num_inconsistent_stats: 0.

CodeHeap 'non-profiled nmethods': size=120000Kb used=1277Kb max_used=1277Kb free=118722Kb
 bounds [0x000001dcce110000, 0x000001dcce380000, 0x000001dcd5640000]
CodeHeap 'profiled nmethods': size=120000Kb used=4941Kb max_used=4941Kb free=115058Kb
 bounds [0x000001dcc6be0000, 0x000001dcc70c0000, 0x000001dcce110000]
CodeHeap 'non-nmethods': size=5760Kb used=1233Kb max_used=1261Kb free=4526Kb
 bounds [0x000001dcc6640000, 0x000001dcc68b0000, 0x000001dcc6be0000]
 total_blobs=2983 nmethods=2460 adapters=435
 compilation: enabled
              stopped_count=0, restarted_count=0
 full_count=0

Compilation events (20 events):
Event: 1.759 Thread 0x000001dcdcffa840 2453       3       java.util.LinkedHashMap::values (25 bytes)
Event: 1.759 Thread 0x000001dcdcffa840 nmethod 2453 0x000001dcc70acb10 code [0x000001dcc70accc0, 0x000001dcc70ad038]
Event: 1.760 Thread 0x000001dcdcffa840 2454       3       org.gradle.internal.service.ServiceScopeValidator::getAnnotations (4 bytes)
Event: 1.760 Thread 0x000001dcdcffa840 nmethod 2454 0x000001dcc70ad190 code [0x000001dcc70ad320, 0x000001dcc70ad438]
Event: 1.760 Thread 0x000001dcdcffa840 2455       3       java.lang.invoke.VarHandleReferences$FieldInstanceReadWrite::compareAndSet (48 bytes)
Event: 1.760 Thread 0x000001dcdcffa840 nmethod 2455 0x000001dcc70ad510 code [0x000001dcc70ad780, 0x000001dcc70ae208]
Event: 1.760 Thread 0x000001dcdcffa840 2456       3       org.gradle.internal.service.DefaultServiceRegistry::access$2000 (4 bytes)
Event: 1.760 Thread 0x000001dcdcffa840 nmethod 2456 0x000001dcc70ae610 code [0x000001dcc70ae7a0, 0x000001dcc70ae898]
Event: 1.767 Thread 0x000001dcddee69e0 2457   !   4       jdk.internal.ref.PhantomCleanable::remove (60 bytes)
Event: 1.769 Thread 0x000001dcddee69e0 nmethod 2457 0x000001dcce24ed90 code [0x000001dcce24ef20, 0x000001dcce24f3f8]
Event: 1.769 Thread 0x000001dcddee69e0 2458   !   4       java.net.URLClassLoader::findClass (47 bytes)
Event: 1.771 Thread 0x000001dcdcffa840 2460       3       jdk.internal.reflect.Reflection::isSubclassOf (21 bytes)
Event: 1.771 Thread 0x000001dcdcffa840 nmethod 2460 0x000001dcc70ae910 code [0x000001dcc70aeac0, 0x000001dcc70aed08]
Event: 1.771 Thread 0x000001dcdcffa840 2459       3       jdk.internal.reflect.ReflectionFactory::newConstructorAccessor (155 bytes)
Event: 1.772 Thread 0x000001dcdcffa840 nmethod 2459 0x000001dcc70aee10 code [0x000001dcc70af180, 0x000001dcc70b0858]
Event: 1.782 Thread 0x000001dcdcffa840 2463       3       kotlin.jvm.internal.Intrinsics::checkNotNullParameter (9 bytes)
Event: 1.782 Thread 0x000001dcdcffa840 nmethod 2463 0x000001dcc70b1010 code [0x000001dcc70b1200, 0x000001dcc70b16f8]
Event: 1.787 Thread 0x000001dcdcffa840 2464       3       java.lang.Module::isExported (18 bytes)
Event: 1.787 Thread 0x000001dcdcffa840 nmethod 2464 0x000001dcc70b1910 code [0x000001dcc70b1ae0, 0x000001dcc70b1ee8]
Event: 1.800 Thread 0x000001dcdcffa840 2466       3       org.gradle.internal.service.RelevantMethods$RelevantMethodsBuilder::add (101 bytes)

GC Heap History (6 events):
Event: 0.213 GC heap before
{Heap before GC invocations=0 (full 0):
 garbage-first heap   total 260096K, used 23552K [0x0000000080000000, 0x0000000100000000)
  region size 1024K, 23 young (23552K), 0 survivors (0K)
 Metaspace       used 810K, committed 896K, reserved 1056768K
  class space    used 60K, committed 128K, reserved 1048576K
}
Event: 0.215 GC heap after
{Heap after GC invocations=1 (full 0):
 garbage-first heap   total 260096K, used 1578K [0x0000000080000000, 0x0000000100000000)
  region size 1024K, 2 young (2048K), 2 survivors (2048K)
 Metaspace       used 810K, committed 896K, reserved 1056768K
  class space    used 60K, committed 128K, reserved 1048576K
}
Event: 0.563 GC heap before
{Heap before GC invocations=1 (full 0):
 garbage-first heap   total 260096K, used 42538K [0x0000000080000000, 0x0000000100000000)
  region size 1024K, 39 young (39936K), 2 survivors (2048K)
 Metaspace       used 4515K, committed 4672K, reserved 1056768K
  class space    used 572K, committed 640K, reserved 1048576K
}
Event: 0.566 GC heap after
{Heap after GC invocations=2 (full 0):
 garbage-first heap   total 260096K, used 11689K [0x0000000080000000, 0x0000000100000000)
  region size 1024K, 5 young (5120K), 5 survivors (5120K)
 Metaspace       used 4515K, committed 4672K, reserved 1056768K
  class space    used 572K, committed 640K, reserved 1048576K
}
Event: 0.887 GC heap before
{Heap before GC invocations=2 (full 0):
 garbage-first heap   total 260096K, used 79273K [0x0000000080000000, 0x0000000100000000)
  region size 1024K, 70 young (71680K), 5 survivors (5120K)
 Metaspace       used 4924K, committed 5120K, reserved 1056768K
  class space    used 631K, committed 704K, reserved 1048576K
}
Event: 0.890 GC heap after
{Heap after GC invocations=3 (full 0):
 garbage-first heap   total 260096K, used 17431K [0x0000000080000000, 0x0000000100000000)
  region size 1024K, 9 young (9216K), 9 survivors (9216K)
 Metaspace       used 4924K, committed 5120K, reserved 1056768K
  class space    used 631K, committed 704K, reserved 1048576K
}

Deoptimization events (20 events):
Event: 1.561 Thread 0x000001dcdf2309e0 Uncommon trap: trap_request=0xffffff45 fr.pc=0x000001dcce215f08 relative=0x00000000000001e8
Event: 1.561 Thread 0x000001dcdf2309e0 Uncommon trap: reason=unstable_if action=reinterpret pc=0x000001dcce215f08 method=java.lang.invoke.VarHandle.getTypesAndInvokers()Ljava/lang/invoke/VarHandle$TypesAndInvokers; @ 6 c2
Event: 1.561 Thread 0x000001dcdf2309e0 DEOPT PACKING pc=0x000001dcce215f08 sp=0x000000604d6fa100
Event: 1.561 Thread 0x000001dcdf2309e0 DEOPT UNPACKING pc=0x000001dcc6695c23 sp=0x000000604d6fa000 mode 2
Event: 1.561 Thread 0x000001dcdf2309e0 Uncommon trap: trap_request=0xffffff45 fr.pc=0x000001dcce21634c relative=0x00000000000000ac
Event: 1.561 Thread 0x000001dcdf2309e0 Uncommon trap: reason=unstable_if action=reinterpret pc=0x000001dcce21634c method=jdk.internal.misc.Unsafe.convEndian(ZI)I @ 4 c2
Event: 1.561 Thread 0x000001dcdf2309e0 DEOPT PACKING pc=0x000001dcce21634c sp=0x000000604d6fa130
Event: 1.561 Thread 0x000001dcdf2309e0 DEOPT UNPACKING pc=0x000001dcc6695c23 sp=0x000000604d6f9fe0 mode 2
Event: 1.561 Thread 0x000001dcdf2309e0 Uncommon trap: trap_request=0xffffff45 fr.pc=0x000001dcce20b3f4 relative=0x0000000000000074
Event: 1.561 Thread 0x000001dcdf2309e0 Uncommon trap: reason=unstable_if action=reinterpret pc=0x000001dcce20b3f4 method=jdk.internal.misc.Unsafe.convEndian(ZI)I @ 4 c2
Event: 1.561 Thread 0x000001dcdf2309e0 DEOPT PACKING pc=0x000001dcce20b3f4 sp=0x000000604d6fa0b0
Event: 1.561 Thread 0x000001dcdf2309e0 DEOPT UNPACKING pc=0x000001dcc6695c23 sp=0x000000604d6f9fe0 mode 2
Event: 1.573 Thread 0x000001dcdf2309e0 Uncommon trap: trap_request=0xffffff45 fr.pc=0x000001dcce12e994 relative=0x0000000000000b94
Event: 1.573 Thread 0x000001dcdf2309e0 Uncommon trap: reason=unstable_if action=reinterpret pc=0x000001dcce12e994 method=java.io.WinNTFileSystem.resolve(Ljava/lang/String;Ljava/lang/String;)Ljava/lang/String; @ 19 c2
Event: 1.573 Thread 0x000001dcdf2309e0 DEOPT PACKING pc=0x000001dcce12e994 sp=0x000000604d6fac40
Event: 1.573 Thread 0x000001dcdf2309e0 DEOPT UNPACKING pc=0x000001dcc6695c23 sp=0x000000604d6fabe8 mode 2
Event: 1.574 Thread 0x000001dcdf2309e0 Uncommon trap: trap_request=0xffffff45 fr.pc=0x000001dcce13e60c relative=0x000000000000066c
Event: 1.574 Thread 0x000001dcdf2309e0 Uncommon trap: reason=unstable_if action=reinterpret pc=0x000001dcce13e60c method=java.io.File.getName()Ljava/lang/String; @ 16 c2
Event: 1.574 Thread 0x000001dcdf2309e0 DEOPT PACKING pc=0x000001dcce13e60c sp=0x000000604d6fabf0
Event: 1.574 Thread 0x000001dcdf2309e0 DEOPT UNPACKING pc=0x000001dcc6695c23 sp=0x000000604d6fabc0 mode 2

Classes unloaded (0 events):
No events

Classes redefined (0 events):
No events

Internal exceptions (20 events):
Event: 1.276 Thread 0x000001dcde4d0a70 Exception <a 'java/lang/NoSuchMethodError'{0x000000008e9fa3e8}: 'void java.lang.invoke.DirectMethodHandle$Holder.invokeSpecial(java.lang.Object, java.lang.Object, java.lang.Object)'> (0x000000008e9fa3e8) 
thrown [t:\workspace\open\src\hotspot\share\interpreter\linkResolver.cpp, line 766]
Event: 1.328 Thread 0x000001dcdf2309e0 Exception <a 'java/lang/NoSuchMethodError'{0x000000008e12c900}: 'long java.lang.invoke.DirectMethodHandle$Holder.invokeInterface(java.lang.Object, java.lang.Object)'> (0x000000008e12c900) 
thrown [t:\workspace\open\src\hotspot\share\interpreter\linkResolver.cpp, line 766]
Event: 1.375 Thread 0x000001dcdf2309e0 Exception <a 'java/lang/NoSuchMethodError'{0x000000008dd42698}: 'void java.lang.invoke.DirectMethodHandle$Holder.invokeStatic(java.lang.Object, java.lang.Object)'> (0x000000008dd42698) 
thrown [t:\workspace\open\src\hotspot\share\interpreter\linkResolver.cpp, line 766]
Event: 1.405 Thread 0x000001dcdf2309e0 Exception <a 'java/lang/NoSuchMethodError'{0x000000008dbe6358}: 'int java.lang.invoke.DirectMethodHandle$Holder.invokeVirtual(java.lang.Object, java.lang.Object, java.lang.Object)'> (0x000000008dbe6358) 
thrown [t:\workspace\open\src\hotspot\share\interpreter\linkResolver.cpp, line 766]
Event: 1.432 Thread 0x000001dcdf2309e0 Exception <a 'java/lang/NoSuchMethodError'{0x000000008d8af4f0}: 'java.lang.Object java.lang.invoke.DirectMethodHandle$Holder.newInvokeSpecial(java.lang.Object, java.lang.Object, java.lang.Object, java.lang.Object, java.lang.Object, java.lang.Object)'> (0x000000008d8af4f0) 
thrown [t:\workspace\open\src\hotspot\share\interpreter\linkResolver.cpp, line 766]
Event: 1.465 Thread 0x000001dcdf2309e0 Exception <a 'java/lang/NoSuchMethodError'{0x000000008d59ab20}: 'void java.lang.invoke.DelegatingMethodHandle$Holder.reinvoke_L(java.lang.Object, java.lang.Object, java.lang.Object, java.lang.Object, java.lang.Object, java.lang.Object, java.lang.Object, java.lang.Object, java.lang.Object, java.lang.Object)'> (0x000000008d59ab20) 
thrown [t:\workspace\open\src\hotspot\share\interpreter\linkResolver.cpp, line 766]
Event: 1.466 Thread 0x000001dcdf2309e0 Exception <a 'java/lang/NoSuchMethodError'{0x000000008d5a2f90}: 'java.lang.Object java.lang.invoke.DirectMethodHandle$Holder.invokeSpecial(java.lang.Object, java.lang.Object, java.lang.Object, java.lang.Object, java.lang.Object, java.lang.Object, java.lang.Object, java.lang.Object, java.lang.Object, java.lang.Object)'> (0x000000008d5a2f90) 
thrown [t:\workspace\open\src\hotspot\share\interpreter\linkResolver.cpp, line 766]
Event: 1.466 Thread 0x000001dcdf2309e0 Exception <a 'java/lang/NoSuchMethodError'{0x000000008d5a7860}: 'java.lang.Object java.lang.invoke.Invokers$Holder.invoker(java.lang.Object, java.lang.Object, java.lang.Object, java.lang.Object, java.lang.Object, java.lang.Object, java.lang.Object, java.lang.Object, java.lang.Object, java.lang.Object)'> (0x000000008d5a7860) 
thrown [t:\workspace\open\src\hotspot\share\interpreter\linkResolver.cpp, line 766]
Event: 1.466 Thread 0x000001dcdf2309e0 Exception <a 'java/lang/NoSuchMethodError'{0x000000008d5ad468}: 'java.lang.Object java.lang.invoke.DirectMethodHandle$Holder.invokeSpecial(java.lang.Object, java.lang.Object, java.lang.Object, java.lang.Object, java.lang.Object, java.lang.Object, java.lang.Object, java.lang.Object, java.lang.Object, java.lang.Object, java.lang.Object)'> (0x000000008d5ad468) 
thrown [t:\workspace\open\src\hotspot\share\interpreter\linkResolver.cpp, line 766]
Event: 1.534 Thread 0x000001dcdf2309e0 Exception <a 'java/lang/NoSuchMethodError'{0x000000008cc244e0}: 'java.lang.Object java.lang.invoke.DirectMethodHandle$Holder.newInvokeSpecial(java.lang.Object, java.lang.Object, int)'> (0x000000008cc244e0) 
thrown [t:\workspace\open\src\hotspot\share\interpreter\linkResolver.cpp, line 766]
Event: 1.555 Thread 0x000001dcdf2309e0 Exception <a 'java/lang/NoSuchMethodError'{0x000000008c91fb48}: 'int java.lang.invoke.DirectMethodHandle$Holder.invokeStatic(java.lang.Object, java.lang.Object, int)'> (0x000000008c91fb48) 
thrown [t:\workspace\open\src\hotspot\share\interpreter\linkResolver.cpp, line 766]
Event: 1.561 Thread 0x000001dcdf2309e0 Implicit null exception at 0x000001dcce215d68 to 0x000001dcce215ee8
Event: 1.579 Thread 0x000001dcdf2309e0 Exception <a 'java/lang/NoSuchMethodError'{0x000000008c79d598}: 'void java.lang.invoke.DirectMethodHandle$Holder.invokeStatic(java.lang.Object, java.lang.Object, java.lang.Object, java.lang.Object)'> (0x000000008c79d598) 
thrown [t:\workspace\open\src\hotspot\share\interpreter\linkResolver.cpp, line 766]
Event: 1.579 Thread 0x000001dcdf2309e0 Exception <a 'java/lang/NoSuchMethodError'{0x000000008c7a1a38}: 'void java.lang.invoke.DirectMethodHandle$Holder.invokeStaticInit(java.lang.Object, java.lang.Object, java.lang.Object, java.lang.Object)'> (0x000000008c7a1a38) 
thrown [t:\workspace\open\src\hotspot\share\interpreter\linkResolver.cpp, line 766]
Event: 1.584 Thread 0x000001dcdf2309e0 Exception <a 'java/lang/NoSuchMethodError'{0x000000008c606930}: 'java.lang.Object java.lang.invoke.DirectMethodHandle$Holder.invokeInterface(java.lang.Object, java.lang.Object, java.lang.Object)'> (0x000000008c606930) 
thrown [t:\workspace\open\src\hotspot\share\interpreter\linkResolver.cpp, line 766]
Event: 1.592 Thread 0x000001dcdf2309e0 Exception <a 'java/lang/NoSuchMethodError'{0x000000008c6f44c8}: 'int java.lang.invoke.DirectMethodHandle$Holder.invokeSpecialIFC(java.lang.Object, java.lang.Object, java.lang.Object, java.lang.Object)'> (0x000000008c6f44c8) 
thrown [t:\workspace\open\src\hotspot\share\interpreter\linkResolver.cpp, line 766]
Event: 1.593 Thread 0x000001dcdf2309e0 Exception <a 'java/lang/IncompatibleClassChangeError'{0x000000008c503740}: Found class java.lang.Object, but interface was expected> (0x000000008c503740) 
thrown [t:\workspace\open\src\hotspot\share\interpreter\linkResolver.cpp, line 833]
Event: 1.739 Thread 0x000001dcdf2309e0 Exception <a 'java/lang/NoSuchMethodError'{0x000000008a91ab28}: 'int java.lang.invoke.DirectMethodHandle$Holder.invokeStaticInit(java.lang.Object, java.lang.Object, java.lang.Object)'> (0x000000008a91ab28) 
thrown [t:\workspace\open\src\hotspot\share\interpreter\linkResolver.cpp, line 766]
Event: 1.757 Thread 0x000001dcdf2309e0 Exception <a 'java/lang/NoSuchMethodError'{0x000000008a7c1950}: 'int java.lang.invoke.DirectMethodHandle$Holder.invokeStatic(java.lang.Object, java.lang.Object, java.lang.Object, java.lang.Object)'> (0x000000008a7c1950) 
thrown [t:\workspace\open\src\hotspot\share\interpreter\linkResolver.cpp, line 766]
Event: 1.758 Thread 0x000001dcdf2309e0 Exception <a 'java/lang/NoSuchMethodError'{0x000000008a7c5578}: 'java.lang.Object java.lang.invoke.Invokers$Holder.invokeExact_MT(java.lang.Object, java.lang.Object, java.lang.Object, java.lang.Object, java.lang.Object, java.lang.Object)'> (0x000000008a7c5578) 
thrown [t:\workspace\open\src\hotspot\share\interpreter\linkResolver.cpp, line 766]

VM Operations (20 events):
Event: 0.984 Executing VM operation: HandshakeAllThreads
Event: 0.984 Executing VM operation: HandshakeAllThreads done
Event: 1.003 Executing VM operation: HandshakeAllThreads
Event: 1.003 Executing VM operation: HandshakeAllThreads done
Event: 1.090 Executing VM operation: HandshakeAllThreads
Event: 1.090 Executing VM operation: HandshakeAllThreads done
Event: 1.120 Executing VM operation: HandshakeAllThreads
Event: 1.120 Executing VM operation: HandshakeAllThreads done
Event: 1.133 Executing VM operation: HandshakeAllThreads
Event: 1.133 Executing VM operation: HandshakeAllThreads done
Event: 1.147 Executing VM operation: HandshakeAllThreads
Event: 1.147 Executing VM operation: HandshakeAllThreads done
Event: 1.226 Executing VM operation: HandshakeAllThreads
Event: 1.226 Executing VM operation: HandshakeAllThreads done
Event: 1.394 Executing VM operation: ICBufferFull
Event: 1.394 Executing VM operation: ICBufferFull done
Event: 1.632 Executing VM operation: HandshakeAllThreads
Event: 1.632 Executing VM operation: HandshakeAllThreads done
Event: 1.632 Executing VM operation: HandshakeAllThreads
Event: 1.632 Executing VM operation: HandshakeAllThreads done

Events (20 events):
Event: 1.621 loading class java/util/function/UnaryOperator
Event: 1.621 loading class java/util/function/UnaryOperator done
Event: 1.696 loading class java/security/InvalidKeyException
Event: 1.696 loading class java/security/KeyException
Event: 1.696 loading class java/security/KeyException done
Event: 1.696 loading class java/security/InvalidKeyException done
Event: 1.736 loading class java/io/PrintWriter
Event: 1.736 loading class java/io/PrintWriter done
Event: 1.779 loading class java/lang/Override
Event: 1.779 loading class java/lang/Override done
Event: 1.780 loading class java/util/concurrent/atomic/AtomicReferenceFieldUpdater
Event: 1.780 loading class java/util/concurrent/atomic/AtomicReferenceFieldUpdater done
Event: 1.780 loading class java/util/concurrent/atomic/AtomicReferenceFieldUpdater$AtomicReferenceFieldUpdaterImpl
Event: 1.780 loading class java/util/concurrent/atomic/AtomicReferenceFieldUpdater$AtomicReferenceFieldUpdaterImpl done
Event: 1.780 loading class java/util/concurrent/atomic/AtomicReferenceFieldUpdater$AtomicReferenceFieldUpdaterImpl$1
Event: 1.780 loading class java/util/concurrent/atomic/AtomicReferenceFieldUpdater$AtomicReferenceFieldUpdaterImpl$1 done
Event: 1.780 loading class sun/reflect/misc/ReflectUtil
Event: 1.780 loading class sun/reflect/misc/ReflectUtil done
Event: 1.783 loading class java/lang/ThreadLocal$SuppliedThreadLocal
Event: 1.783 loading class java/lang/ThreadLocal$SuppliedThreadLocal done


Dynamic libraries:
0x00007ff67ba80000 - 0x00007ff67ba90000 	C:\Program Files\Java\jdk-17.0.1\bin\java.exe
0x00007ffe18970000 - 0x00007ffe18b68000 	C:\Windows\SYSTEM32\ntdll.dll
0x00007ffe17a00000 - 0x00007ffe17ac2000 	C:\Windows\System32\KERNEL32.DLL
0x00007ffe16280000 - 0x00007ffe16576000 	C:\Windows\System32\KERNELBASE.dll
0x00007ffe16800000 - 0x00007ffe16900000 	C:\Windows\System32\ucrtbase.dll
0x00007ffe0ee00000 - 0x00007ffe0ee18000 	C:\Program Files\Java\jdk-17.0.1\bin\jli.dll
0x00007ffe0eb10000 - 0x00007ffe0eb2a000 	C:\Program Files\Java\jdk-17.0.1\bin\VCRUNTIME140.dll
0x00007ffe18150000 - 0x00007ffe18201000 	C:\Windows\System32\ADVAPI32.dll
0x00007ffe17950000 - 0x00007ffe179ee000 	C:\Windows\System32\msvcrt.dll
0x00007ffe186e0000 - 0x00007ffe1877f000 	C:\Windows\System32\sechost.dll
0x00007ffe183e0000 - 0x00007ffe18500000 	C:\Windows\System32\RPCRT4.dll
0x00007ffe167d0000 - 0x00007ffe167f7000 	C:\Windows\System32\bcrypt.dll
0x00007ffe17e30000 - 0x00007ffe17fd1000 	C:\Windows\System32\USER32.dll
0x00007ffe16080000 - 0x00007ffe160a2000 	C:\Windows\System32\win32u.dll
0x00007ffe07cf0000 - 0x00007ffe07f8b000 	C:\Windows\WinSxS\amd64_microsoft.windows.common-controls_6595b64144ccf1df_6.0.19041.6456_none_60b8a6cb71f64256\COMCTL32.dll
0x00007ffe18120000 - 0x00007ffe1814b000 	C:\Windows\System32\GDI32.dll
0x00007ffe16160000 - 0x00007ffe16279000 	C:\Windows\System32\gdi32full.dll
0x00007ffe16580000 - 0x00007ffe1661d000 	C:\Windows\System32\msvcp_win.dll
0x00007ffe13da0000 - 0x00007ffe13daa000 	C:\Windows\SYSTEM32\VERSION.dll
0x00007ffe186b0000 - 0x00007ffe186df000 	C:\Windows\System32\IMM32.DLL
0x00007ffe0f050000 - 0x00007ffe0f05c000 	C:\Program Files\Java\jdk-17.0.1\bin\vcruntime140_1.dll
0x00007ffde42c0000 - 0x00007ffde434d000 	C:\Program Files\Java\jdk-17.0.1\bin\msvcp140.dll
0x00007ffdb1290000 - 0x00007ffdb1e4e000 	C:\Program Files\Java\jdk-17.0.1\bin\server\jvm.dll
0x00007ffe17fe0000 - 0x00007ffe17fe8000 	C:\Windows\System32\PSAPI.DLL
0x00007ffde2ad0000 - 0x00007ffde2ad9000 	C:\Windows\SYSTEM32\WSOCK32.dll
0x00007ffdfa390000 - 0x00007ffdfa3b7000 	C:\Windows\SYSTEM32\WINMM.dll
0x00007ffe17ff0000 - 0x00007ffe1805b000 	C:\Windows\System32\WS2_32.dll
0x00007ffe14810000 - 0x00007ffe14822000 	C:\Windows\SYSTEM32\kernel.appcore.dll
0x00007ffe0eb00000 - 0x00007ffe0eb0a000 	C:\Program Files\Java\jdk-17.0.1\bin\jimage.dll
0x00007ffe11320000 - 0x00007ffe11521000 	C:\Windows\SYSTEM32\DBGHELP.DLL
0x00007ffe05960000 - 0x00007ffe05994000 	C:\Windows\SYSTEM32\dbgcore.DLL
0x00007ffe16900000 - 0x00007ffe16982000 	C:\Windows\System32\bcryptPrimitives.dll
0x00007ffe059a0000 - 0x00007ffe059ae000 	C:\Program Files\Java\jdk-17.0.1\bin\instrument.dll
0x00007ffe048f0000 - 0x00007ffe04915000 	C:\Program Files\Java\jdk-17.0.1\bin\java.dll
0x00007ffde41e0000 - 0x00007ffde42b6000 	C:\Program Files\Java\jdk-17.0.1\bin\svml.dll
0x00007ffe17010000 - 0x00007ffe17780000 	C:\Windows\System32\SHELL32.dll
0x00007ffe14050000 - 0x00007ffe147f5000 	C:\Windows\SYSTEM32\windows.storage.dll
0x00007ffe17ad0000 - 0x00007ffe17e24000 	C:\Windows\System32\combase.dll
0x00007ffe15a30000 - 0x00007ffe15a5b000 	C:\Windows\SYSTEM32\Wldp.dll
0x00007ffe18860000 - 0x00007ffe1892d000 	C:\Windows\System32\OLEAUT32.dll
0x00007ffe18210000 - 0x00007ffe182bd000 	C:\Windows\System32\SHCORE.dll
0x00007ffe16990000 - 0x00007ffe169eb000 	C:\Windows\System32\shlwapi.dll
0x00007ffe15f30000 - 0x00007ffe15f54000 	C:\Windows\SYSTEM32\profapi.dll
0x00007ffe040d0000 - 0x00007ffe040e8000 	C:\Program Files\Java\jdk-17.0.1\bin\zip.dll
0x00007ffe04ed0000 - 0x00007ffe04ee9000 	C:\Program Files\Java\jdk-17.0.1\bin\net.dll
0x00007ffe125b0000 - 0x00007ffe126ba000 	C:\Windows\SYSTEM32\WINHTTP.dll
0x00007ffe15790000 - 0x00007ffe157fa000 	C:\Windows\system32\mswsock.dll
0x00007ffe04980000 - 0x00007ffe04995000 	C:\Program Files\Java\jdk-17.0.1\bin\nio.dll
0x00007ffe05be0000 - 0x00007ffe05bf0000 	C:\Program Files\Java\jdk-17.0.1\bin\verify.dll
0x00007ffe0eea0000 - 0x00007ffe0eec7000 	C:\Users\Acer\.gradle\native\660c5614fbf4a5f2a75b1949f50a0caf5cd603558e7d8a26e50b933a0cfb79d1\windows-amd64\native-platform.dll
0x00007ffdf1ee0000 - 0x00007ffdf1f57000 	C:\Users\Acer\.gradle\native\0.2.8\x86_64-windows-gnu\gradle-fileevents.dll
0x00007ffe0eaf0000 - 0x00007ffe0eaf9000 	C:\Program Files\Java\jdk-17.0.1\bin\management.dll
0x00007ffe0e050000 - 0x00007ffe0e05b000 	C:\Program Files\Java\jdk-17.0.1\bin\management_ext.dll
0x00007ffe15420000 - 0x00007ffe1545b000 	C:\Windows\SYSTEM32\IPHLPAPI.DLL
0x00007ffe18060000 - 0x00007ffe18068000 	C:\Windows\System32\NSI.dll
0x00007ffe0faa0000 - 0x00007ffe0fab7000 	C:\Windows\SYSTEM32\dhcpcsvc6.DLL
0x00007ffe118c0000 - 0x00007ffe118dd000 	C:\Windows\SYSTEM32\dhcpcsvc.DLL
0x00007ffe15460000 - 0x00007ffe1552a000 	C:\Windows\SYSTEM32\DNSAPI.dll
0x00007ffe15980000 - 0x00007ffe15998000 	C:\Windows\SYSTEM32\CRYPTSP.dll
0x00007ffe15040000 - 0x00007ffe15078000 	C:\Windows\system32\rsaenh.dll
0x00007ffe15eb0000 - 0x00007ffe15ede000 	C:\Windows\SYSTEM32\USERENV.dll
0x00007ffe159a0000 - 0x00007ffe159ac000 	C:\Windows\SYSTEM32\CRYPTBASE.dll
0x00007ffe05480000 - 0x00007ffe0548e000 	C:\Program Files\Java\jdk-17.0.1\bin\sunmscapi.dll
0x00007ffe16620000 - 0x00007ffe1677d000 	C:\Windows\System32\CRYPT32.dll
0x00007ffe15aa0000 - 0x00007ffe15ac7000 	C:\Windows\SYSTEM32\ncrypt.dll
0x00007ffe15a60000 - 0x00007ffe15a9b000 	C:\Windows\SYSTEM32\NTASN1.dll
0x00007ffe13db0000 - 0x00007ffe13db7000 	C:\Windows\system32\wshunix.dll

dbghelp: loaded successfully - version: 4.0.5 - missing functions: none
symbol engine: initialized successfully - sym options: 0x614 - pdb path: .;C:\Program Files\Java\jdk-17.0.1\bin;C:\Windows\SYSTEM32;C:\Windows\WinSxS\amd64_microsoft.windows.common-controls_6595b64144ccf1df_6.0.19041.6456_none_60b8a6cb71f64256;C:\Program Files\Java\jdk-17.0.1\bin\server;C:\Users\Acer\.gradle\native\660c5614fbf4a5f2a75b1949f50a0caf5cd603558e7d8a26e50b933a0cfb79d1\windows-amd64;C:\Users\Acer\.gradle\native\0.2.8\x86_64-windows-gnu

VM Arguments:
jvm_args: --add-opens=java.base/java.lang=ALL-UNNAMED --add-opens=java.base/java.lang.invoke=ALL-UNNAMED --add-opens=java.base/java.util=ALL-UNNAMED --add-opens=java.prefs/java.util.prefs=ALL-UNNAMED --add-exports=jdk.compiler/com.sun.tools.javac.api=ALL-UNNAMED --add-exports=jdk.compiler/com.sun.tools.javac.util=ALL-UNNAMED --add-opens=java.base/java.util=ALL-UNNAMED --add-opens=java.prefs/java.util.prefs=ALL-UNNAMED --add-opens=java.base/java.nio.charset=ALL-UNNAMED --add-opens=java.base/java.net=ALL-UNNAMED --add-opens=java.base/java.util.concurrent=ALL-UNNAMED --add-opens=java.base/java.util.concurrent.atomic=ALL-UNNAMED --add-opens=java.xml/javax.xml.namespace=ALL-UNNAMED --add-opens=java.base/java.time=ALL-UNNAMED -Xmx2048m -Dfile.encoding=UTF-8 -Duser.country=US -Duser.language=en -Duser.variant -javaagent:C:\Users\Acer\.gradle\wrapper\dists\gradle-9.3.1-bin\23ovyewtku6u96viwx3xl3oks\gradle-9.3.1\lib\agents\gradle-instrumentation-agent-9.3.1.jar 
java_command: org.gradle.launcher.daemon.bootstrap.GradleDaemon 9.3.1
java_class_path (initial): C:\Users\Acer\.gradle\wrapper\dists\gradle-9.3.1-bin\23ovyewtku6u96viwx3xl3oks\gradle-9.3.1\lib\gradle-daemon-main-9.3.1.jar
Launcher Type: SUN_STANDARD

[Global flags]
     intx CICompilerCount                          = 4                                         {product} {ergonomic}
     uint ConcGCThreads                            = 2                                         {product} {ergonomic}
     uint G1ConcRefinementThreads                  = 8                                         {product} {ergonomic}
   size_t G1HeapRegionSize                         = 1048576                                   {product} {ergonomic}
    uintx GCDrainStackTargetSize                   = 64                                        {product} {ergonomic}
   size_t InitialHeapSize                          = 266338304                                 {product} {ergonomic}
   size_t MarkStackSize                            = 4194304                                   {product} {ergonomic}
   size_t MaxHeapSize                              = 2147483648                                {product} {command line}
   size_t MaxNewSize                               = 1287651328                                {product} {ergonomic}
   size_t MinHeapDeltaBytes                        = 1048576                                   {product} {ergonomic}
   size_t MinHeapSize                              = 8388608                                   {product} {ergonomic}
    uintx NonNMethodCodeHeapSize                   = 5839372                                {pd product} {ergonomic}
    uintx NonProfiledCodeHeapSize                  = 122909434                              {pd product} {ergonomic}
    uintx ProfiledCodeHeapSize                     = 122909434                              {pd product} {ergonomic}
    uintx ReservedCodeCacheSize                    = 251658240                              {pd product} {ergonomic}
     bool SegmentedCodeCache                       = true                                      {product} {ergonomic}
   size_t SoftMaxHeapSize                          = 2147483648                             {manageable} {ergonomic}
     bool UseCompressedClassPointers               = true                           {product lp64_product} {ergonomic}
     bool UseCompressedOops                        = true                           {product lp64_product} {ergonomic}
     bool UseG1GC                                  = true                                      {product} {ergonomic}
     bool UseLargePagesIndividualAllocation        = false                                  {pd product} {ergonomic}

Logging:
Log output configuration:
 #0: stdout all=warning uptime,level,tags
 #1: stderr all=off uptime,level,tags

Environment Variables:
PATH=C:\Program Files\Git\mingw64\bin;C:\Program Files\Git\usr\bin;C:\Users\Acer\bin;C:\Python311\Scripts;C:\Python311;C:\Program Files\Common Files\Oracle\Java\javapath;C:\Windows\system32;C:\Windows;C:\Windows\System32\Wbem;C:\Windows\System32\WindowsPowerShell\v1.0;C:\Windows\System32\OpenSSH;C:\Program Files\Git\cmd;C:\Program Files\PuTTY;C:\ProgramData\chocolatey\bin;C:\Program Files\MySQL\MySQL Server 8.0\bin;C:\MinGW\bin;C:\Program Files\MySQL\MySQL Shell 8.0\bin;C:\Users\Acer\AppData\Local\Microsoft\WindowsApps;C:\Program Files\JetBrains\IntelliJ IDEA Community Edition 2021.2.3\bin;C:\Users\Acer\AppData\Local\JetBrains\Toolbox\scripts;C:\Program Files\JetBrains\CLion 2023.2.2\bin;C:\src\flutter\bin;C:\dart-sdk\bin;C:\Users\Acer\.local\bin
USERNAME=Acer
SHELL=C:\Program Files\Git\usr\bin\bash.exe
OS=Windows_NT
PROCESSOR_IDENTIFIER=Intel64 Family 6 Model 140 Stepping 1, GenuineIntel



---------------  S Y S T E M  ---------------

OS:
 Windows 10 , 64 bit Build 19041 (10.0.19041.5915)
OS uptime: 26 days 3:40 hours

CPU: total 8 (initial active 8) (4 cores per cpu, 2 threads per core) family 6 model 140 stepping 1 microcode 0x86, cx8, cmov, fxsr, ht, mmx, 3dnowpref, sse, sse2, sse3, ssse3, sse4.1, sse4.2, popcnt, lzcnt, tsc, tscinvbit, avx, avx2, aes, erms, clmul, bmi1, bmi2, adx, avx512f, avx512dq, avx512cd, avx512bw, avx512vl, sha, fma, vzeroupper, avx512_vpopcntdq, avx512_vpclmulqdq, avx512_vaes, avx512_vnni, clflush, clflushopt, clwb, avx512_vbmi2, avx512_vbmi

Memory: 4k page, system-wide physical 16179M (541M free)
TotalPageFile size 32339M (AvailPageFile size 3M)
current process WorkingSet (physical memory assigned to process): 224M, peak: 224M
current process commit charge ("private bytes"): 430M, peak: 431M

vm_info: Java HotSpot(TM) 64-Bit Server VM (17.0.1+12-LTS-39) for windows-amd64 JRE (17.0.1+12-LTS-39), built on Sep 27 2021 18:41:35 by "mach5one" with MS VC++ 16.8 (VS2019)

END.
